// Jest Snapshot v1, https://goo.gl/fbAQLP

exports[`renders  correctly 1`] = `
<div
  className="d-flex justify-content-center mt-5"
>
  <h1
    className="w-75 text-center"
  >
    There are three kinds of people in the world: those who are good at math and those who aren’t. (Anonymous)
  </h1>
</div>
`;

exports[`renders Home correctly 1`] = `
<div
  className="d-grid text-center mt-5"
>
  <h3>
    Welcome to our page!
  </h3>
  <div
    className="d-flex justify-content-center"
  >
    <h5
      className="w-75 text-center"
    >
      Sit reprehenderit commodo ipsum dolore velit reprehenderit sunt sunt incididunt qui laborum labore esse. Mollit proident incididunt enim duis ullamco ut ex ex. Ullamco duis dolor voluptate deserunt id ad. Officia aliqua cillum Lorem excepteur consectetur aliquip anim quis aute. Aute tempor qui excepteur magna do aliqua et qui nulla aliquip. Deserunt consectetur laborum non aute elit aliquip aliqua ullamco enim. Lorem dolor nulla cillum laborum aliquip anim nulla ut sunt et.
    </h5>
  </div>
</div>
`;

exports[`renders Quotes correctly 1`] = `
<div
  className="d-flex justify-content-center mt-5"
>
  <h1
    className="w-75 text-center"
  >
    There are three kinds of people in the world: those who are good at math and those who aren’t. (Anonymous)
  </h1>
</div>
`;
